<?xml version="1.0" encoding="utf-8"?><testsuites><testsuite name="pytest" errors="0" failures="0" skipped="6" tests="18" time="10.063" timestamp="2023-02-23T12:48:51.268429" hostname="macbook"><testcase classname="tests_api.test_ask.TestQuiz" name="test_api_db_quiz_create" time="0.000"><skipped type="pytest.skip" message="unconditional skip">/Users/mons/Development/Python/ASKTestSuite/tests_api/test_ask.py:16: unconditional skip</skipped></testcase><testcase classname="tests_api.test_ask.TestQuiz" name="test_api_quiz_get" time="0.535" /><testcase classname="tests_api.test_ask.TestRegistrationEmail" name="test_allowable_chars_alpha_special" time="1.149" /><testcase classname="tests_api.test_ask.TestRegistrationEmail" name="test_empty_email_field" time="0.178" /><testcase classname="tests_api.test_ask.TestRegistrationEmail" name="test_max_char_128" time="0.819" /><testcase classname="tests_api.test_ask.TestRegistrationEmail" name="test_max_char_129" time="0.178" /><testcase classname="tests_api.test_ask.TestRegistrationEmail" name="test_local_port_spaces" time="0.301" /><testcase classname="tests_api.test_ask.TestRegistrationEmail" name="test_domain_spaces" time="0.359" /><testcase classname="tests_api.test_ask.TestRegistrationEmail" name="test_last_part_domain_spaces" time="0.001"><skipped type="pytest.skip" message="unconditional skip">/Users/mons/Development/Python/ASKTestSuite/tests_api/test_ask.py:96: unconditional skip</skipped></testcase><testcase classname="tests_api.test_ask.TestRegistrationEmail" name="test_local_port_64_char" time="0.819" /><testcase classname="tests_api.test_ask.TestRegistrationEmail" name="test_local_port_65_char" time="0.000"><skipped type="pytest.skip" message="unconditional skip">/Users/mons/Development/Python/ASKTestSuite/tests_api/test_ask.py:112: unconditional skip</skipped></testcase><testcase classname="tests_api.test_ask.TestRegistrationEmail" name="test_domain_right_63_char" time="1.125" /><testcase classname="tests_api.test_ask.TestRegistrationEmail" name="test_domain_right_64_char" time="0.000"><skipped type="pytest.skip" message="unconditional skip">/Users/mons/Development/Python/ASKTestSuite/tests_api/test_ask.py:128: unconditional skip</skipped></testcase><testcase classname="tests_api.test_ask.TestRegistrationEmail" name="test_domain_last_63_char" time="0.886" /><testcase classname="tests_api.test_ask.TestRegistrationEmail" name="test_domain_last_64_char" time="0.000"><skipped type="pytest.skip" message="unconditional skip">/Users/mons/Development/Python/ASKTestSuite/tests_api/test_ask.py:144: unconditional skip</skipped></testcase><testcase classname="tests_api.test_ask.TestRegistrationEmail" name="test_tld_separated_dot" time="0.000"><skipped type="pytest.skip" message="unconditional skip">/Users/mons/Development/Python/ASKTestSuite/tests_api/test_ask.py:153: unconditional skip</skipped></testcase><testcase classname="tests_api.test_ask.TestRegistrationEmail" name="test_at_sign" time="0.337" /><testcase classname="tests_api.test_ask.TestE2E" name="test_e2e_student_regi_activ_sign_in" time="2.924" /></testsuite></testsuites>